{
  "box": {},
  "children": [
    {
      "box": {},
      "children": [
        {
          "box": {},
          "children": [
            {
              "parent": [Circular],
              "type": "TEXT_INSTANCE",
              "value": "print.story.title: Hauptlager",
            },
          ],
          "parent": [Circular],
          "props": {
            "bookmark": {
              "fit": true,
              "title": "print.story.title: Hauptlager",
            },
            "class": "story-period-title",
            "id": "entry-0-16b2fcffdd8e",
          },
          "style": {
            "fontSize": "10pt",
            "fontWeight": "bold",
            "textAlign": "center",
          },
          "type": "TEXT",
        },
        {
          "box": {},
          "children": [
            {
              "box": {},
              "children": [
                {
                  "parent": [Circular],
                  "type": "TEXT_INSTANCE",
                  "value": "entity.day.name 1",
                },
              ],
              "parent": [Circular],
              "props": {
                "class": "story-day-title",
              },
              "style": {
                "fontSize": "14",
                "fontWeight": "semibold",
                "margin": "10pt 0 3pt",
              },
              "type": "TEXT",
            },
            {
              "box": {},
              "children": [
                {
                  "parent": [Circular],
                  "type": "TEXT_INSTANCE",
                  "value": "g5/10/2024obam5/10/2024.5amteti0e.5amte05/10/2024ong",
                },
              ],
              "parent": [Circular],
              "props": {
                "class": "story-day-date",
              },
              "style": {
                "fontSize": "11pt",
              },
              "type": "TEXT",
            },
          ],
          "parent": [Circular],
          "props": {
            "class": "story-day-title-container",
            "id": "entry-0-16b2fcffdd8e-f036e9302f67",
          },
          "style": {
            "alignItems": "baseline",
            "borderBottom": "2pt solid #aaaaaa",
            "display": "flex",
            "flexDirection": "row",
            "justifyContent": "space-between",
            "marginBottom": "1pt",
            "paddingBottom": "2pt",
          },
          "type": "VIEW",
        },
        {
          "box": {},
          "children": [
            {
              "box": {},
              "children": [
                {
                  "parent": [Circular],
                  "type": "TEXT_INSTANCE",
                  "value": "LS",
                },
              ],
              "parent": [Circular],
              "props": {
                "class": "category-label",
                "style": {
                  "backgroundColor": "#4DBB52",
                  "color": "#000",
                  "font-size": "10pt",
                },
              },
              "style": {
                "alignSelf": "center",
                "backgroundColor": "#4DBB52",
                "borderRadius": "50%",
                "color": "#000",
                "fontSize": "10pt",
                "lineHeight": "1",
                "padding": "2pt 8pt 4pt",
              },
              "type": "TEXT",
            },
            {
              "box": {},
              "children": [
                {
                  "parent": [Circular],
                  "type": "TEXT_INSTANCE",
                  "value": "1.1 Stadt Game üê≠",
                },
              ],
              "parent": [Circular],
              "props": {
                "id": "entry-0-16b2fcffdd8e-4bc1873a73f2",
                "style": {
                  "margin": "0 3pt",
                },
              },
              "style": {
                "margin": "0 3pt",
              },
              "type": "TEXT",
            },
          ],
          "parent": [Circular],
          "props": {
            "class": "story-chapter-title",
            "minPresenceAhead": 30,
          },
          "style": {
            "alignItems": "center",
            "display": "flex",
            "flexDirection": "row",
            "fontWeight": "bold",
            "margin": "10pt 0 4.5pt",
          },
          "type": "VIEW",
        },
        {
          "box": {},
          "children": [
            {
              "box": {},
              "children": [
                {
                  "parent": [Circular],
                  "type": "TEXT_INSTANCE",
                  "value": "Unsere Flugtickets sind davongeflogen (Wind) wir m√ºssen sie wieder einsammeln",
                },
              ],
              "parent": [Circular],
              "props": {
                "class": "p",
              },
              "style": {
                "marginBottom": "2pt",
              },
              "type": "TEXT",
            },
          ],
          "parent": [Circular],
          "props": {
            "style": {
              "line-height": "1.6",
            },
          },
          "style": {
            "lineHeight": "1.6",
          },
          "type": "VIEW",
        },
        {
          "box": {},
          "children": [
            {
              "box": {},
              "children": [
                {
                  "parent": [Circular],
                  "type": "TEXT_INSTANCE",
                  "value": "LP",
                },
              ],
              "parent": [Circular],
              "props": {
                "class": "category-label",
                "style": {
                  "backgroundColor": "#90B7E4",
                  "color": "#000",
                  "font-size": "10pt",
                },
              },
              "style": {
                "alignSelf": "center",
                "backgroundColor": "#90B7E4",
                "borderRadius": "50%",
                "color": "#000",
                "fontSize": "10pt",
                "lineHeight": "1",
                "padding": "2pt 8pt 4pt",
              },
              "type": "TEXT",
            },
            {
              "box": {},
              "children": [
                {
                  "parent": [Circular],
                  "type": "TEXT_INSTANCE",
                  "value": "1.4 Takeoff",
                },
              ],
              "parent": [Circular],
              "props": {
                "id": "entry-0-16b2fcffdd8e-b12d0af13de0",
                "style": {
                  "margin": "0 3pt",
                },
              },
              "style": {
                "margin": "0 3pt",
              },
              "type": "TEXT",
            },
          ],
          "parent": [Circular],
          "props": {
            "class": "story-chapter-title",
            "minPresenceAhead": 30,
          },
          "style": {
            "alignItems": "center",
            "display": "flex",
            "flexDirection": "row",
            "fontWeight": "bold",
            "margin": "10pt 0 4.5pt",
          },
          "type": "VIEW",
        },
        {
          "box": {},
          "children": [
            {
              "box": {},
              "children": [
                {
                  "parent": [Circular],
                  "type": "TEXT_INSTANCE",
                  "value": "Wir fliegen Ab. Die Flugbegleiter erkl√§ren uns wie wir in Notfallsituationen handeln m√ºssen.",
                },
              ],
              "parent": [Circular],
              "props": {
                "class": "p",
              },
              "style": {
                "marginBottom": "2pt",
              },
              "type": "TEXT",
            },
          ],
          "parent": [Circular],
          "props": {
            "style": {
              "line-height": "1.6",
            },
          },
          "style": {
            "lineHeight": "1.6",
          },
          "type": "VIEW",
        },
        {
          "box": {},
          "children": [
            {
              "box": {},
              "children": [
                {
                  "parent": [Circular],
                  "type": "TEXT_INSTANCE",
                  "value": "LP",
                },
              ],
              "parent": [Circular],
              "props": {
                "class": "category-label",
                "style": {
                  "backgroundColor": "#90B7E4",
                  "color": "#000",
                  "font-size": "10pt",
                },
              },
              "style": {
                "alignSelf": "center",
                "backgroundColor": "#90B7E4",
                "borderRadius": "50%",
                "color": "#000",
                "fontSize": "10pt",
                "lineHeight": "1",
                "padding": "2pt 8pt 4pt",
              },
              "type": "TEXT",
            },
            {
              "box": {},
              "children": [
                {
                  "parent": [Circular],
                  "type": "TEXT_INSTANCE",
                  "value": "1.5 Flugzeugabsturz",
                },
              ],
              "parent": [Circular],
              "props": {
                "id": "entry-0-16b2fcffdd8e-4b4f2d67ee32",
                "style": {
                  "margin": "0 3pt",
                },
              },
              "style": {
                "margin": "0 3pt",
              },
              "type": "TEXT",
            },
          ],
          "parent": [Circular],
          "props": {
            "class": "story-chapter-title",
            "minPresenceAhead": 30,
          },
          "style": {
            "alignItems": "center",
            "display": "flex",
            "flexDirection": "row",
            "fontWeight": "bold",
            "margin": "10pt 0 4.5pt",
          },
          "type": "VIEW",
        },
        {
          "box": {},
          "children": [
            {
              "box": {},
              "children": [
                {
                  "parent": [Circular],
                  "type": "TEXT_INSTANCE",
                  "value": "Wir st√ºrzen ab. Der Pilot verl√§sst das Flugzeug fr√ºher, weil die Steuerung nicht mehr funktioniert und er der Meinung ist, dass wir in die Insel st√ºrzen w√ºrden und er nicht sterben will. oder so √§hnlch de Pilot isch denn eifach verscholle",
                },
              ],
              "parent": [Circular],
              "props": {
                "class": "p",
              },
              "style": {
                "marginBottom": "2pt",
              },
              "type": "TEXT",
            },
          ],
          "parent": [Circular],
          "props": {
            "style": {
              "line-height": "1.6",
            },
          },
          "style": {
            "lineHeight": "1.6",
          },
          "type": "VIEW",
        },
        {
          "box": {},
          "children": [
            {
              "box": {},
              "children": [
                {
                  "parent": [Circular],
                  "type": "TEXT_INSTANCE",
                  "value": "entity.day.name 2",
                },
              ],
              "parent": [Circular],
              "props": {
                "class": "story-day-title",
              },
              "style": {
                "fontSize": "14",
                "fontWeight": "semibold",
                "margin": "10pt 0 3pt",
              },
              "type": "TEXT",
            },
            {
              "box": {},
              "children": [
                {
                  "parent": [Circular],
                  "type": "TEXT_INSTANCE",
                  "value": "g5/11/2024obam5/11/2024.6amteti0e.6amte05/11/2024ong",
                },
              ],
              "parent": [Circular],
              "props": {
                "class": "story-day-date",
              },
              "style": {
                "fontSize": "11pt",
              },
              "type": "TEXT",
            },
          ],
          "parent": [Circular],
          "props": {
            "class": "story-day-title-container",
            "id": "entry-0-16b2fcffdd8e-f036e9302f68",
          },
          "style": {
            "alignItems": "baseline",
            "borderBottom": "2pt solid #aaaaaa",
            "display": "flex",
            "flexDirection": "row",
            "justifyContent": "space-between",
            "marginBottom": "1pt",
            "paddingBottom": "2pt",
          },
          "type": "VIEW",
        },
        {
          "box": {},
          "children": [
            {
              "box": {},
              "children": [
                {
                  "parent": [Circular],
                  "type": "TEXT_INSTANCE",
                  "value": "LS",
                },
              ],
              "parent": [Circular],
              "props": {
                "class": "category-label",
                "style": {
                  "backgroundColor": "#4DBB52",
                  "color": "#000",
                  "font-size": "10pt",
                },
              },
              "style": {
                "alignSelf": "center",
                "backgroundColor": "#4DBB52",
                "borderRadius": "50%",
                "color": "#000",
                "fontSize": "10pt",
                "lineHeight": "1",
                "padding": "2pt 8pt 4pt",
              },
              "type": "TEXT",
            },
            {
              "box": {},
              "children": [
                {
                  "parent": [Circular],
                  "type": "TEXT_INSTANCE",
                  "value": "2.4 Insel erkunden",
                },
              ],
              "parent": [Circular],
              "props": {
                "id": "entry-0-16b2fcffdd8e-46cad2b11017",
                "style": {
                  "margin": "0 3pt",
                },
              },
              "style": {
                "margin": "0 3pt",
              },
              "type": "TEXT",
            },
          ],
          "parent": [Circular],
          "props": {
            "class": "story-chapter-title",
            "minPresenceAhead": 30,
          },
          "style": {
            "alignItems": "center",
            "display": "flex",
            "flexDirection": "row",
            "fontWeight": "bold",
            "margin": "10pt 0 4.5pt",
          },
          "type": "VIEW",
        },
        {
          "box": {},
          "children": [
            {
              "box": {},
              "children": [
                {
                  "parent": [Circular],
                  "type": "TEXT_INSTANCE",
                  "value": "Wir m√ºssen die Insel erkunden",
                },
              ],
              "parent": [Circular],
              "props": {
                "class": "p",
              },
              "style": {
                "marginBottom": "2pt",
              },
              "type": "TEXT",
            },
          ],
          "parent": [Circular],
          "props": {
            "style": {
              "line-height": "1.6",
            },
          },
          "style": {
            "lineHeight": "1.6",
          },
          "type": "VIEW",
        },
        {
          "box": {},
          "children": [
            {
              "box": {},
              "children": [
                {
                  "parent": [Circular],
                  "type": "TEXT_INSTANCE",
                  "value": "LS",
                },
              ],
              "parent": [Circular],
              "props": {
                "class": "category-label",
                "style": {
                  "backgroundColor": "#4DBB52",
                  "color": "#000",
                  "font-size": "10pt",
                },
              },
              "style": {
                "alignSelf": "center",
                "backgroundColor": "#4DBB52",
                "borderRadius": "50%",
                "color": "#000",
                "fontSize": "10pt",
                "lineHeight": "1",
                "padding": "2pt 8pt 4pt",
              },
              "type": "TEXT",
            },
            {
              "box": {},
              "children": [
                {
                  "parent": [Circular],
                  "type": "TEXT_INSTANCE",
                  "value": "2.6 Angriff der Aborigines",
                },
              ],
              "parent": [Circular],
              "props": {
                "id": "entry-0-16b2fcffdd8e-9c5b963da5e1",
                "style": {
                  "margin": "0 3pt",
                },
              },
              "style": {
                "margin": "0 3pt",
              },
              "type": "TEXT",
            },
          ],
          "parent": [Circular],
          "props": {
            "class": "story-chapter-title",
            "minPresenceAhead": 30,
          },
          "style": {
            "alignItems": "center",
            "display": "flex",
            "flexDirection": "row",
            "fontWeight": "bold",
            "margin": "10pt 0 4.5pt",
          },
          "type": "VIEW",
        },
        {
          "box": {},
          "children": [
            {
              "box": {},
              "children": [
                {
                  "parent": [Circular],
                  "type": "TEXT_INSTANCE",
                  "value": "Die eingeborenen greifen uns an und klauen uns unser essen.",
                },
              ],
              "parent": [Circular],
              "props": {
                "class": "p",
              },
              "style": {
                "marginBottom": "2pt",
              },
              "type": "TEXT",
            },
          ],
          "parent": [Circular],
          "props": {
            "style": {
              "line-height": "1.6",
            },
          },
          "style": {
            "lineHeight": "1.6",
          },
          "type": "VIEW",
        },
        {
          "box": {},
          "children": [
            {
              "box": {},
              "children": [
                {
                  "parent": [Circular],
                  "type": "TEXT_INSTANCE",
                  "value": "LP",
                },
              ],
              "parent": [Circular],
              "props": {
                "class": "category-label",
                "style": {
                  "backgroundColor": "#90B7E4",
                  "color": "#000",
                  "font-size": "10pt",
                },
              },
              "style": {
                "alignSelf": "center",
                "backgroundColor": "#90B7E4",
                "borderRadius": "50%",
                "color": "#000",
                "fontSize": "10pt",
                "lineHeight": "1",
                "padding": "2pt 8pt 4pt",
              },
              "type": "TEXT",
            },
            {
              "box": {},
              "children": [
                {
                  "parent": [Circular],
                  "type": "TEXT_INSTANCE",
                  "value": "2.7 Pfadiversprechen",
                },
              ],
              "parent": [Circular],
              "props": {
                "id": "entry-0-16b2fcffdd8e-f2923b997126",
                "style": {
                  "margin": "0 3pt",
                },
              },
              "style": {
                "margin": "0 3pt",
              },
              "type": "TEXT",
            },
          ],
          "parent": [Circular],
          "props": {
            "class": "story-chapter-title",
            "minPresenceAhead": 30,
          },
          "style": {
            "alignItems": "center",
            "display": "flex",
            "flexDirection": "row",
            "fontWeight": "bold",
            "margin": "10pt 0 4.5pt",
          },
          "type": "VIEW",
        },
        {
          "box": {},
          "children": [
            {
              "box": {},
              "children": [
                {
                  "parent": [Circular],
                  "type": "TEXT_INSTANCE",
                  "value": "Pfadigesetzt und Pfadiversprechen durch verschiedene Methoden lernen",
                },
              ],
              "parent": [Circular],
              "props": {
                "class": "p",
              },
              "style": {
                "marginBottom": "2pt",
              },
              "type": "TEXT",
            },
          ],
          "parent": [Circular],
          "props": {
            "style": {
              "line-height": "1.6",
            },
          },
          "style": {
            "lineHeight": "1.6",
          },
          "type": "VIEW",
        },
        {
          "box": {},
          "children": [
            {
              "box": {},
              "children": [
                {
                  "parent": [Circular],
                  "type": "TEXT_INSTANCE",
                  "value": "LP",
                },
              ],
              "parent": [Circular],
              "props": {
                "class": "category-label",
                "style": {
                  "backgroundColor": "#90B7E4",
                  "color": "#000",
                  "font-size": "10pt",
                },
              },
              "style": {
                "alignSelf": "center",
                "backgroundColor": "#90B7E4",
                "borderRadius": "50%",
                "color": "#000",
                "fontSize": "10pt",
                "lineHeight": "1",
                "padding": "2pt 8pt 4pt",
              },
              "type": "TEXT",
            },
            {
              "box": {},
              "children": [
                {
                  "parent": [Circular],
                  "type": "TEXT_INSTANCE",
                  "value": "2.9 Essen zur√ºckerobern",
                },
              ],
              "parent": [Circular],
              "props": {
                "id": "entry-0-16b2fcffdd8e-3da4545af722",
                "style": {
                  "margin": "0 3pt",
                },
              },
              "style": {
                "margin": "0 3pt",
              },
              "type": "TEXT",
            },
          ],
          "parent": [Circular],
          "props": {
            "class": "story-chapter-title",
            "minPresenceAhead": 30,
          },
          "style": {
            "alignItems": "center",
            "display": "flex",
            "flexDirection": "row",
            "fontWeight": "bold",
            "margin": "10pt 0 4.5pt",
          },
          "type": "VIEW",
        },
        {
          "box": {},
          "children": [
            {
              "box": {},
              "children": [
                {
                  "parent": [Circular],
                  "type": "TEXT_INSTANCE",
                  "value": "wir m√ºssen uns unser Essen zur√ºckholen (evtl. Lasergame oder suscht was Geils)",
                },
              ],
              "parent": [Circular],
              "props": {
                "class": "p",
              },
              "style": {
                "marginBottom": "2pt",
              },
              "type": "TEXT",
            },
          ],
          "parent": [Circular],
          "props": {
            "style": {
              "line-height": "1.6",
            },
          },
          "style": {
            "lineHeight": "1.6",
          },
          "type": "VIEW",
        },
        {
          "box": {},
          "children": [
            {
              "box": {},
              "children": [
                {
                  "parent": [Circular],
                  "type": "TEXT_INSTANCE",
                  "value": "entity.day.name 3",
                },
              ],
              "parent": [Circular],
              "props": {
                "class": "story-day-title",
              },
              "style": {
                "fontSize": "14",
                "fontWeight": "semibold",
                "margin": "10pt 0 3pt",
              },
              "type": "TEXT",
            },
            {
              "box": {},
              "children": [
                {
                  "parent": [Circular],
                  "type": "TEXT_INSTANCE",
                  "value": "g5/12/2024obam5/12/2024.0amteti0e.0amte05/12/2024ong",
                },
              ],
              "parent": [Circular],
              "props": {
                "class": "story-day-date",
              },
              "style": {
                "fontSize": "11pt",
              },
              "type": "TEXT",
            },
          ],
          "parent": [Circular],
          "props": {
            "class": "story-day-title-container",
            "id": "entry-0-16b2fcffdd8e-f036e9302f69",
          },
          "style": {
            "alignItems": "baseline",
            "borderBottom": "2pt solid #aaaaaa",
            "display": "flex",
            "flexDirection": "row",
            "justifyContent": "space-between",
            "marginBottom": "1pt",
            "paddingBottom": "2pt",
          },
          "type": "VIEW",
        },
        {
          "box": {},
          "children": [
            {
              "box": {},
              "children": [
                {
                  "parent": [Circular],
                  "type": "TEXT_INSTANCE",
                  "value": "LP",
                },
              ],
              "parent": [Circular],
              "props": {
                "class": "category-label",
                "style": {
                  "backgroundColor": "#90B7E4",
                  "color": "#000",
                  "font-size": "10pt",
                },
              },
              "style": {
                "alignSelf": "center",
                "backgroundColor": "#90B7E4",
                "borderRadius": "50%",
                "color": "#000",
                "fontSize": "10pt",
                "lineHeight": "1",
                "padding": "2pt 8pt 4pt",
              },
              "type": "TEXT",
            },
            {
              "box": {},
              "children": [
                {
                  "parent": [Circular],
                  "type": "TEXT_INSTANCE",
                  "value": "3.3 Atelier",
                },
              ],
              "parent": [Circular],
              "props": {
                "id": "entry-0-16b2fcffdd8e-69226b3e49d7",
                "style": {
                  "margin": "0 3pt",
                },
              },
              "style": {
                "margin": "0 3pt",
              },
              "type": "TEXT",
            },
          ],
          "parent": [Circular],
          "props": {
            "class": "story-chapter-title",
            "minPresenceAhead": 30,
          },
          "style": {
            "alignItems": "center",
            "display": "flex",
            "flexDirection": "row",
            "fontWeight": "bold",
            "margin": "10pt 0 4.5pt",
          },
          "type": "VIEW",
        },
        {
          "box": {},
          "children": [
            {
              "box": {},
              "children": [
                {
                  "parent": [Circular],
                  "type": "TEXT_INSTANCE",
                  "value": "Was k√∂nnte man machen um Rettung zu holen? Blubb meint wir sollten warten bis wir gerettet werden und uns ein wenig die Zeit vertreiben",
                },
              ],
              "parent": [Circular],
              "props": {
                "class": "p",
              },
              "style": {
                "marginBottom": "2pt",
              },
              "type": "TEXT",
            },
          ],
          "parent": [Circular],
          "props": {
            "style": {
              "line-height": "1.6",
            },
          },
          "style": {
            "lineHeight": "1.6",
          },
          "type": "VIEW",
        },
        {
          "box": {},
          "children": [
            {
              "box": {},
              "children": [
                {
                  "parent": [Circular],
                  "type": "TEXT_INSTANCE",
                  "value": "LS",
                },
              ],
              "parent": [Circular],
              "props": {
                "class": "category-label",
                "style": {
                  "backgroundColor": "#4DBB52",
                  "color": "#000",
                  "font-size": "10pt",
                },
              },
              "style": {
                "alignSelf": "center",
                "backgroundColor": "#4DBB52",
                "borderRadius": "50%",
                "color": "#000",
                "fontSize": "10pt",
                "lineHeight": "1",
                "padding": "2pt 8pt 4pt",
              },
              "type": "TEXT",
            },
            {
              "box": {},
              "children": [
                {
                  "parent": [Circular],
                  "type": "TEXT_INSTANCE",
                  "value": "3.5 Abschluss gel√§ndegame",
                },
              ],
              "parent": [Circular],
              "props": {
                "id": "entry-0-16b2fcffdd8e-501abe71a6ab",
                "style": {
                  "margin": "0 3pt",
                },
              },
              "style": {
                "margin": "0 3pt",
              },
              "type": "TEXT",
            },
          ],
          "parent": [Circular],
          "props": {
            "class": "story-chapter-title",
            "minPresenceAhead": 30,
          },
          "style": {
            "alignItems": "center",
            "display": "flex",
            "flexDirection": "row",
            "fontWeight": "bold",
            "margin": "10pt 0 4.5pt",
          },
          "type": "VIEW",
        },
        {
          "box": {},
          "children": [
            {
              "box": {},
              "children": [
                {
                  "parent": [Circular],
                  "type": "TEXT_INSTANCE",
                  "value": "Plottwist der Pilot hat sich zum Anf√ºhrer der eingeborenen hochgek√§mpft. und wir m√ºssen ein Notsignal senden",
                },
              ],
              "parent": [Circular],
              "props": {
                "class": "p",
              },
              "style": {
                "marginBottom": "2pt",
              },
              "type": "TEXT",
            },
          ],
          "parent": [Circular],
          "props": {
            "style": {
              "line-height": "1.6",
            },
          },
          "style": {
            "lineHeight": "1.6",
          },
          "type": "VIEW",
        },
        {
          "box": {},
          "children": [
            {
              "box": {},
              "children": [
                {
                  "parent": [Circular],
                  "type": "TEXT_INSTANCE",
                  "value": "entity.day.name 4",
                },
              ],
              "parent": [Circular],
              "props": {
                "class": "story-day-title",
              },
              "style": {
                "fontSize": "14",
                "fontWeight": "semibold",
                "margin": "10pt 0 3pt",
              },
              "type": "TEXT",
            },
            {
              "box": {},
              "children": [
                {
                  "parent": [Circular],
                  "type": "TEXT_INSTANCE",
                  "value": "g5/13/2024obam5/13/2024.1amteti0e.1amte05/13/2024ong",
                },
              ],
              "parent": [Circular],
              "props": {
                "class": "story-day-date",
              },
              "style": {
                "fontSize": "11pt",
              },
              "type": "TEXT",
            },
          ],
          "parent": [Circular],
          "props": {
            "class": "story-day-title-container",
            "id": "entry-0-16b2fcffdd8e-f036e9302f70",
          },
          "style": {
            "alignItems": "baseline",
            "borderBottom": "2pt solid #aaaaaa",
            "display": "flex",
            "flexDirection": "row",
            "justifyContent": "space-between",
            "marginBottom": "1pt",
            "paddingBottom": "2pt",
          },
          "type": "VIEW",
        },
      ],
      "parent": [Circular],
      "props": {
        "class": "page",
        "id": "entry-0",
      },
      "style": {
        "display": "flex",
        "flexDirection": "column",
        "fontFamily": "InterDisplay",
        "fontSize": "12",
        "padding": "30",
      },
      "type": "PAGE",
    },
  ],
  "parent": null,
  "props": {
    "locale": "de",
    "pdfVersion": "1.7",
    "store": {
      "get": [Function],
      "href": [Function],
    },
    "tc": [Function],
  },
  "style": {},
  "type": "DOCUMENT",
}